
shashi@DESKTOP-ADGIM57 MINGW64 /d/GitAws
$ git remote -v
fatal: not a git repository (or any of the parent directories): .git

shashi@DESKTOP-ADGIM57 MINGW64 /d/GitAws
$ git clone
fatal: You must specify a repository to clone.

usage: git clone [<options>] [--] <repo> [<dir>]

    -v, --verbose         be more verbose
    -q, --quiet           be more quiet
    --progress            force progress reporting
    -n, --no-checkout     don't create a checkout
    --bare                create a bare repository
    --mirror              create a mirror repository (implies bare)
    -l, --local           to clone from a local repository
    --no-hardlinks        don't use local hardlinks, always copy
    -s, --shared          setup as shared repository
    --recursive ...       alias of --recurse-submodules
    --recurse-submodules[=<pathspec>]
                          initialize submodules in the clone
    -j, --jobs <n>        number of submodules cloned in parallel
    --template <template-directory>
                          directory from which templates will be used
    --reference <repo>    reference repository
    --reference-if-able <repo>
                          reference repository
    --dissociate          use --reference only while cloning
    -o, --origin <name>   use <name> instead of 'origin' to track upstream
    -b, --branch <branch>
                          checkout <branch> instead of the remote's HEAD
    -u, --upload-pack <path>
                          path to git-upload-pack on the remote
    --depth <depth>       create a shallow clone of that depth
    --shallow-since <time>
                          create a shallow clone since a specific time
    --shallow-exclude <revision>
                          deepen history of shallow clone, excluding rev
    --single-branch       clone only one branch, HEAD or --branch
    --no-tags             don't clone any tags, and make later fetches not to follow them
    --shallow-submodules  any cloned submodules will be shallow
    --separate-git-dir <gitdir>
                          separate git dir from working tree
    -c, --config <key=value>
                          set config inside the new repository
    --server-option <server-specific>
                          option to transmit
    -4, --ipv4            use IPv4 addresses only
    -6, --ipv6            use IPv6 addresses only
    --filter <args>       object filtering
    --remote-submodules   any cloned submodules will use their remote-tracking branch


shashi@DESKTOP-ADGIM57 MINGW64 /d/GitAws
$ git clone
fatal: You must specify a repository to clone.

usage: git clone [<options>] [--] <repo> [<dir>]

    -v, --verbose         be more verbose
    -q, --quiet           be more quiet
    --progress            force progress reporting
    -n, --no-checkout     don't create a checkout
    --bare                create a bare repository
    --mirror              create a mirror repository (implies bare)
    -l, --local           to clone from a local repository
    --no-hardlinks        don't use local hardlinks, always copy
    -s, --shared          setup as shared repository
    --recursive ...       alias of --recurse-submodules
    --recurse-submodules[=<pathspec>]
                          initialize submodules in the clone
    -j, --jobs <n>        number of submodules cloned in parallel
    --template <template-directory>
                          directory from which templates will be used
    --reference <repo>    reference repository
    --reference-if-able <repo>
                          reference repository
    --dissociate          use --reference only while cloning
    -o, --origin <name>   use <name> instead of 'origin' to track upstream
    -b, --branch <branch>
                          checkout <branch> instead of the remote's HEAD
    -u, --upload-pack <path>
                          path to git-upload-pack on the remote
    --depth <depth>       create a shallow clone of that depth
    --shallow-since <time>
                          create a shallow clone since a specific time
    --shallow-exclude <revision>
                          deepen history of shallow clone, excluding rev
    --single-branch       clone only one branch, HEAD or --branch
    --no-tags             don't clone any tags, and make later fetches not to follow them
    --shallow-submodules  any cloned submodules will be shallow
    --separate-git-dir <gitdir>
                          separate git dir from working tree
    -c, --config <key=value>
                          set config inside the new repository
    --server-option <server-specific>
                          option to transmit
    -4, --ipv4            use IPv4 addresses only
    -6, --ipv6            use IPv6 addresses only
    --filter <args>       object filtering
    --remote-submodules   any cloned submodules will use their remote-tracking branch


shashi@DESKTOP-ADGIM57 MINGW64 /d/GitAws
$ git clone ssh://git-codecommit.us-east-1.amazonaws.com/v1/repos/mobileapps
Cloning into 'mobileapps'...
The authenticity of host 'git-codecommit.us-east-1.amazonaws.com (52.94.233.146)' can't be established.
RSA key fingerprint is SHA256:eLMY1j0DKA4uvDZcl/KgtIayZANwX6t8+8isPtotBoY.
Are you sure you want to continue connecting (yes/no/[fingerprint])?
Host key verification failed.
fatal: Could not read from remote repository.

Please make sure you have the correct access rights
and the repository exists.

shashi@DESKTOP-ADGIM57 MINGW64 /d/GitAws
$ git clone ssh://git-codecommit.us-east-1.amazonaws.com/v1/repos/mobileapps
Cloning into 'mobileapps'...
The authenticity of host 'git-codecommit.us-east-1.amazonaws.com (52.94.233.146)' can't be established.
RSA key fingerprint is SHA256:eLMY1j0DKA4uvDZcl/KgtIayZANwX6t8+8isPtotBoY.
Are you sure you want to continue connecting (yes/no/[fingerprint])? yes
Warning: Permanently added 'git-codecommit.us-east-1.amazonaws.com,52.94.233.146' (RSA) to the list of known hosts.
remote: Counting objects: 3, done.
Receiving objects: 100% (3/3), 283 bytes | 6.00 KiB/s, done.

shashi@DESKTOP-ADGIM57 MINGW64 /d/GitAws
$ ls -ltr
total 0
drwxr-xr-x 1 shashi 197121 0 Nov 26 18:55 mobileapps/

shashi@DESKTOP-ADGIM57 MINGW64 /d/GitAws
$ cd mobileapps/

shashi@DESKTOP-ADGIM57 MINGW64 /d/GitAws/mobileapps (master)
$ ls -ltr
total 1
-rw-r--r-- 1 shashi 197121 60 Nov 26 18:55 warrior

shashi@DESKTOP-ADGIM57 MINGW64 /d/GitAws/mobileapps (master)
$ cat warrior
This is for leadership coaching
Mobile applications
Test
shashi@DESKTOP-ADGIM57 MINGW64 /d/GitAws/mobileapps (master)
$ ls -la
total 5
drwxr-xr-x 1 shashi 197121  0 Nov 26 18:55 ./
drwxr-xr-x 1 shashi 197121  0 Nov 26 18:55 ../
drwxr-xr-x 1 shashi 197121  0 Nov 26 18:55 .git/
-rw-r--r-- 1 shashi 197121 60 Nov 26 18:55 warrior

shashi@DESKTOP-ADGIM57 MINGW64 /d/GitAws/mobileapps (master)
$ git remote -v
origin  ssh://git-codecommit.us-east-1.amazonaws.com/v1/repos/mobileapps (fetch)
origin  ssh://git-codecommit.us-east-1.amazonaws.com/v1/repos/mobileapps (push)

shashi@DESKTOP-ADGIM57 MINGW64 /d/GitAws/mobileapps (master)
$ pwd
/d/GitAws/mobileapps

shashi@DESKTOP-ADGIM57 MINGW64 /d/GitAws/mobileapps (master)
$ ls -la
total 5
drwxr-xr-x 1 shashi 197121  0 Nov 26 18:55 ./
drwxr-xr-x 1 shashi 197121  0 Nov 26 18:55 ../
drwxr-xr-x 1 shashi 197121  0 Nov 26 18:55 .git/
-rw-r--r-- 1 shashi 197121 60 Nov 26 18:55 warrior

shashi@DESKTOP-ADGIM57 MINGW64 /d/GitAws/mobileapps (master)
$ vim mobileapp1fromgit to codecommit
3 files to edit

shashi@DESKTOP-ADGIM57 MINGW64 /d/GitAws/mobileapps (master)
$ git status
On branch master
Your branch is up to date with 'origin/master'.

Untracked files:
  (use "git add <file>..." to include in what will be committed)
        mobileapp1fromgit

nothing added to commit but untracked files present (use "git add" to track)

shashi@DESKTOP-ADGIM57 MINGW64 /d/GitAws/mobileapps (master)
$ git add .
warning: LF will be replaced by CRLF in mobileapp1fromgit.
The file will have its original line endings in your working directory

shashi@DESKTOP-ADGIM57 MINGW64 /d/GitAws/mobileapps (master)
$ git commit mobileapp1fromgit -m "Adding file to code commit"
warning: LF will be replaced by CRLF in mobileapp1fromgit.
The file will have its original line endings in your working directory
[master b2eba9a] Adding file to code commit
 1 file changed, 5 insertions(+)
 create mode 100644 mobileapp1fromgit

shashi@DESKTOP-ADGIM57 MINGW64 /d/GitAws/mobileapps (master)
$ git status
On branch master
Your branch is ahead of 'origin/master' by 1 commit.
  (use "git push" to publish your local commits)

nothing to commit, working tree clean

shashi@DESKTOP-ADGIM57 MINGW64 /d/GitAws/mobileapps (master)
$ push .
bash: push: command not found

shashi@DESKTOP-ADGIM57 MINGW64 /d/GitAws/mobileapps (master)
$ git remote -v
origin  ssh://git-codecommit.us-east-1.amazonaws.com/v1/repos/mobileapps (fetch)
origin  ssh://git-codecommit.us-east-1.amazonaws.com/v1/repos/mobileapps (push)

shashi@DESKTOP-ADGIM57 MINGW64 /d/GitAws/mobileapps (master)
$ git push rg
fatal: 'rg' does not appear to be a git repository
fatal: Could not read from remote repository.

Please make sure you have the correct access rights
and the repository exists.

shashi@DESKTOP-ADGIM57 MINGW64 /d/GitAws/mobileapps (master)
$ git push origin
Enumerating objects: 4, done.
Counting objects: 100% (4/4), done.
Delta compression using up to 8 threads
Compressing objects: 100% (3/3), done.
Writing objects: 100% (3/3), 363 bytes | 51.00 KiB/s, done.
Total 3 (delta 0), reused 0 (delta 0)
To ssh://git-codecommit.us-east-1.amazonaws.com/v1/repos/mobileapps
   ada12f5..b2eba9a  master -> master

shashi@DESKTOP-ADGIM57 MINGW64 /d/GitAws/mobileapps (master)
$
